src/pages/admin/TeachersManagement.tsx(2,29): error TS2792: Cannot find module '@/contexts/LanguageContext'. Did you mean to set the 'moduleResolution' option to 'nodenext', or to add aliases to the 'paths' option?
src/pages/admin/TeachersManagement.tsx(3,25): error TS2792: Cannot find module '@/contexts/AuthContext'. Did you mean to set the 'moduleResolution' option to 'nodenext', or to add aliases to the 'paths' option?
src/pages/admin/TeachersManagement.tsx(4,26): error TS2792: Cannot find module '@/lib/supabase'. Did you mean to set the 'moduleResolution' option to 'nodenext', or to add aliases to the 'paths' option?
src/pages/admin/TeachersManagement.tsx(5,72): error TS2792: Cannot find module '@/lib/adminDb'. Did you mean to set the 'moduleResolution' option to 'nodenext', or to add aliases to the 'paths' option?
src/pages/admin/TeachersManagement.tsx(6,44): error TS2792: Cannot find module '@/lib/storage'. Did you mean to set the 'moduleResolution' option to 'nodenext', or to add aliases to the 'paths' option?
src/pages/admin/TeachersManagement.tsx(7,52): error TS2792: Cannot find module '@/types/database'. Did you mean to set the 'moduleResolution' option to 'nodenext', or to add aliases to the 'paths' option?
src/pages/admin/TeachersManagement.tsx(8,24): error TS2792: Cannot find module '@/components/ui/button'. Did you mean to set the 'moduleResolution' option to 'nodenext', or to add aliases to the 'paths' option?
src/pages/admin/TeachersManagement.tsx(9,23): error TS2792: Cannot find module '@/components/ui/input'. Did you mean to set the 'moduleResolution' option to 'nodenext', or to add aliases to the 'paths' option?
src/pages/admin/TeachersManagement.tsx(10,23): error TS2792: Cannot find module '@/components/ui/label'. Did you mean to set the 'moduleResolution' option to 'nodenext', or to add aliases to the 'paths' option?
src/pages/admin/TeachersManagement.tsx(11,24): error TS2792: Cannot find module '@/components/ui/switch'. Did you mean to set the 'moduleResolution' option to 'nodenext', or to add aliases to the 'paths' option?
src/pages/admin/TeachersManagement.tsx(12,26): error TS2792: Cannot find module '@/components/ui/textarea'. Did you mean to set the 'moduleResolution' option to 'nodenext', or to add aliases to the 'paths' option?
src/pages/admin/TeachersManagement.tsx(18,8): error TS2792: Cannot find module '@/components/ui/dialog'. Did you mean to set the 'moduleResolution' option to 'nodenext', or to add aliases to the 'paths' option?
src/pages/admin/TeachersManagement.tsx(26,8): error TS2792: Cannot find module '@/components/ui/table'. Did you mean to set the 'moduleResolution' option to 'nodenext', or to add aliases to the 'paths' option?
src/pages/admin/TeachersManagement.tsx(36,8): error TS2792: Cannot find module '@/components/ui/alert-dialog'. Did you mean to set the 'moduleResolution' option to 'nodenext', or to add aliases to the 'paths' option?
src/pages/admin/TeachersManagement.tsx(37,23): error TS2792: Cannot find module '@/components/ui/badge'. Did you mean to set the 'moduleResolution' option to 'nodenext', or to add aliases to the 'paths' option?
src/pages/admin/TeachersManagement.tsx(38,144): error TS2792: Cannot find module 'lucide-react'. Did you mean to set the 'moduleResolution' option to 'nodenext', or to add aliases to the 'paths' option?
src/pages/admin/TeachersManagement.tsx(45,8): error TS2792: Cannot find module '@/components/ui/dropdown-menu'. Did you mean to set the 'moduleResolution' option to 'nodenext', or to add aliases to the 'paths' option?
src/pages/admin/TeachersManagement.tsx(46,23): error TS2792: Cannot find module 'sonner'. Did you mean to set the 'moduleResolution' option to 'nodenext', or to add aliases to the 'paths' option?
src/pages/admin/TeachersManagement.tsx(220,55): error TS2792: Cannot find module '@/lib/supabaseAdmin'. Did you mean to set the 'moduleResolution' option to 'nodenext', or to add aliases to the 'paths' option?
src/pages/admin/TeachersManagement.tsx(223,30): error TS2339: Property 'env' does not exist on type 'ImportMeta'.
src/pages/admin/TeachersManagement.tsx(472,55): error TS2792: Cannot find module '@/lib/supabaseAdmin'. Did you mean to set the 'moduleResolution' option to 'nodenext', or to add aliases to the 'paths' option?
src/pages/admin/TeachersManagement.tsx(583,9): error TS2339: Property 'div' does not exist on type 'JSX.IntrinsicElements'.
src/pages/admin/TeachersManagement.tsx(585,13): error TS2339: Property 'div' does not exist on type 'JSX.IntrinsicElements'.
src/pages/admin/TeachersManagement.tsx(586,17): error TS2339: Property 'div' does not exist on type 'JSX.IntrinsicElements'.
src/pages/admin/TeachersManagement.tsx(587,21): error TS2339: Property 'h1' does not exist on type 'JSX.IntrinsicElements'.
src/pages/admin/TeachersManagement.tsx(589,21): error TS2339: Property 'h1' does not exist on type 'JSX.IntrinsicElements'.
src/pages/admin/TeachersManagement.tsx(590,21): error TS2339: Property 'p' does not exist on type 'JSX.IntrinsicElements'.
src/pages/admin/TeachersManagement.tsx(592,21): error TS2339: Property 'p' does not exist on type 'JSX.IntrinsicElements'.
src/pages/admin/TeachersManagement.tsx(593,17): error TS2339: Property 'div' does not exist on type 'JSX.IntrinsicElements'.
src/pages/admin/TeachersManagement.tsx(595,17): error TS2339: Property 'div' does not exist on type 'JSX.IntrinsicElements'.
src/pages/admin/TeachersManagement.tsx(604,17): error TS2339: Property 'div' does not exist on type 'JSX.IntrinsicElements'.
src/pages/admin/TeachersManagement.tsx(605,13): error TS2339: Property 'div' does not exist on type 'JSX.IntrinsicElements'.
src/pages/admin/TeachersManagement.tsx(609,17): error TS2339: Property 'div' does not exist on type 'JSX.IntrinsicElements'.
src/pages/admin/TeachersManagement.tsx(610,21): error TS2339: Property 'div' does not exist on type 'JSX.IntrinsicElements'.
src/pages/admin/TeachersManagement.tsx(612,25): error TS2339: Property 'div' does not exist on type 'JSX.IntrinsicElements'.
src/pages/admin/TeachersManagement.tsx(613,29): error TS2339: Property 'p' does not exist on type 'JSX.IntrinsicElements'.
src/pages/admin/TeachersManagement.tsx(613,116): error TS2339: Property 'p' does not exist on type 'JSX.IntrinsicElements'.
src/pages/admin/TeachersManagement.tsx(614,29): error TS2339: Property 'p' does not exist on type 'JSX.IntrinsicElements'.
src/pages/admin/TeachersManagement.tsx(614,79): error TS2339: Property 'p' does not exist on type 'JSX.IntrinsicElements'.
src/pages/admin/TeachersManagement.tsx(615,25): error TS2339: Property 'div' does not exist on type 'JSX.IntrinsicElements'.
src/pages/admin/TeachersManagement.tsx(620,21): error TS2339: Property 'div' does not exist on type 'JSX.IntrinsicElements'.
src/pages/admin/TeachersManagement.tsx(621,17): error TS2339: Property 'div' does not exist on type 'JSX.IntrinsicElements'.
src/pages/admin/TeachersManagement.tsx(626,17): error TS2339: Property 'div' does not exist on type 'JSX.IntrinsicElements'.
src/pages/admin/TeachersManagement.tsx(627,21): error TS2339: Property 'h2' does not exist on type 'JSX.IntrinsicElements'.
src/pages/admin/TeachersManagement.tsx(629,21): error TS2339: Property 'h2' does not exist on type 'JSX.IntrinsicElements'.
src/pages/admin/TeachersManagement.tsx(630,21): error TS2339: Property 'div' does not exist on type 'JSX.IntrinsicElements'.
src/pages/admin/TeachersManagement.tsx(651,45): error TS2339: Property 'div' does not exist on type 'JSX.IntrinsicElements'.
src/pages/admin/TeachersManagement.tsx(680,45): error TS2339: Property 'div' does not exist on type 'JSX.IntrinsicElements'.
src/pages/admin/TeachersManagement.tsx(686,21): error TS2339: Property 'div' does not exist on type 'JSX.IntrinsicElements'.
src/pages/admin/TeachersManagement.tsx(687,17): error TS2339: Property 'div' does not exist on type 'JSX.IntrinsicElements'.
src/pages/admin/TeachersManagement.tsx(691,13): error TS2339: Property 'div' does not exist on type 'JSX.IntrinsicElements'.
src/pages/admin/TeachersManagement.tsx(692,17): error TS2339: Property 'h2' does not exist on type 'JSX.IntrinsicElements'.
src/pages/admin/TeachersManagement.tsx(694,17): error TS2339: Property 'h2' does not exist on type 'JSX.IntrinsicElements'.
src/pages/admin/TeachersManagement.tsx(695,17): error TS2339: Property 'div' does not exist on type 'JSX.IntrinsicElements'.
src/pages/admin/TeachersManagement.tsx(697,25): error TS2339: Property 'div' does not exist on type 'JSX.IntrinsicElements'.
src/pages/admin/TeachersManagement.tsx(699,25): error TS2339: Property 'div' does not exist on type 'JSX.IntrinsicElements'.
src/pages/admin/TeachersManagement.tsx(701,25): error TS2339: Property 'div' does not exist on type 'JSX.IntrinsicElements'.
src/pages/admin/TeachersManagement.tsx(703,29): error TS2339: Property 'h3' does not exist on type 'JSX.IntrinsicElements'.
src/pages/admin/TeachersManagement.tsx(705,29): error TS2339: Property 'h3' does not exist on type 'JSX.IntrinsicElements'.
src/pages/admin/TeachersManagement.tsx(706,29): error TS2339: Property 'p' does not exist on type 'JSX.IntrinsicElements'.
src/pages/admin/TeachersManagement.tsx(708,29): error TS2339: Property 'p' does not exist on type 'JSX.IntrinsicElements'.
src/pages/admin/TeachersManagement.tsx(713,25): error TS2339: Property 'div' does not exist on type 'JSX.IntrinsicElements'.
src/pages/admin/TeachersManagement.tsx(730,45): error TS2339: Property 'div' does not exist on type 'JSX.IntrinsicElements'.
src/pages/admin/TeachersManagement.tsx(731,49): error TS2339: Property 'p' does not exist on type 'JSX.IntrinsicElements'.
src/pages/admin/TeachersManagement.tsx(731,102): error TS2339: Property 'p' does not exist on type 'JSX.IntrinsicElements'.
src/pages/admin/TeachersManagement.tsx(733,53): error TS2339: Property 'p' does not exist on type 'JSX.IntrinsicElements'.
src/pages/admin/TeachersManagement.tsx(733,127): error TS2339: Property 'p' does not exist on type 'JSX.IntrinsicElements'.
src/pages/admin/TeachersManagement.tsx(736,53): error TS2339: Property 'div' does not exist on type 'JSX.IntrinsicElements'.
src/pages/admin/TeachersManagement.tsx(742,53): error TS2339: Property 'div' does not exist on type 'JSX.IntrinsicElements'.
src/pages/admin/TeachersManagement.tsx(744,45): error TS2339: Property 'div' does not exist on type 'JSX.IntrinsicElements'.
src/pages/admin/TeachersManagement.tsx(754,49): error TS2339: Property 'span' does not exist on type 'JSX.IntrinsicElements'.
src/pages/admin/TeachersManagement.tsx(754,98): error TS2339: Property 'span' does not exist on type 'JSX.IntrinsicElements'.
src/pages/admin/TeachersManagement.tsx(801,17): error TS2339: Property 'div' does not exist on type 'JSX.IntrinsicElements'.
src/pages/admin/TeachersManagement.tsx(802,13): error TS2339: Property 'div' does not exist on type 'JSX.IntrinsicElements'.
src/pages/admin/TeachersManagement.tsx(810,21): error TS2339: Property 'form' does not exist on type 'JSX.IntrinsicElements'.
src/pages/admin/TeachersManagement.tsx(811,25): error TS2339: Property 'div' does not exist on type 'JSX.IntrinsicElements'.
src/pages/admin/TeachersManagement.tsx(819,25): error TS2339: Property 'div' does not exist on type 'JSX.IntrinsicElements'.
src/pages/admin/TeachersManagement.tsx(820,25): error TS2339: Property 'div' does not exist on type 'JSX.IntrinsicElements'.
src/pages/admin/TeachersManagement.tsx(829,25): error TS2339: Property 'div' does not exist on type 'JSX.IntrinsicElements'.
src/pages/admin/TeachersManagement.tsx(830,25): error TS2339: Property 'div' does not exist on type 'JSX.IntrinsicElements'.
src/pages/admin/TeachersManagement.tsx(837,25): error TS2339: Property 'div' does not exist on type 'JSX.IntrinsicElements'.
src/pages/admin/TeachersManagement.tsx(838,21): error TS2339: Property 'form' does not exist on type 'JSX.IntrinsicElements'.
src/pages/admin/TeachersManagement.tsx(848,21): error TS2339: Property 'form' does not exist on type 'JSX.IntrinsicElements'.
src/pages/admin/TeachersManagement.tsx(849,25): error TS2339: Property 'div' does not exist on type 'JSX.IntrinsicElements'.
src/pages/admin/TeachersManagement.tsx(857,25): error TS2339: Property 'div' does not exist on type 'JSX.IntrinsicElements'.
src/pages/admin/TeachersManagement.tsx(860,25): error TS2339: Property 'div' does not exist on type 'JSX.IntrinsicElements'.
src/pages/admin/TeachersManagement.tsx(862,29): error TS2339: Property 'div' does not exist on type 'JSX.IntrinsicElements'.
src/pages/admin/TeachersManagement.tsx(863,33): error TS2339: Property 'div' does not exist on type 'JSX.IntrinsicElements'.
src/pages/admin/TeachersManagement.tsx(865,41): error TS2339: Property 'img' does not exist on type 'JSX.IntrinsicElements'.
src/pages/admin/TeachersManagement.tsx(869,33): error TS2339: Property 'div' does not exist on type 'JSX.IntrinsicElements'.
src/pages/admin/TeachersManagement.tsx(870,33): error TS2339: Property 'div' does not exist on type 'JSX.IntrinsicElements'.
src/pages/admin/TeachersManagement.tsx(883,37): error TS2339: Property 'p' does not exist on type 'JSX.IntrinsicElements'.
src/pages/admin/TeachersManagement.tsx(885,37): error TS2339: Property 'p' does not exist on type 'JSX.IntrinsicElements'.
src/pages/admin/TeachersManagement.tsx(886,33): error TS2339: Property 'div' does not exist on type 'JSX.IntrinsicElements'.
src/pages/admin/TeachersManagement.tsx(887,29): error TS2339: Property 'div' does not exist on type 'JSX.IntrinsicElements'.
src/pages/admin/TeachersManagement.tsx(888,25): error TS2339: Property 'div' does not exist on type 'JSX.IntrinsicElements'.
src/pages/admin/TeachersManagement.tsx(889,25): error TS2339: Property 'div' does not exist on type 'JSX.IntrinsicElements'.
src/pages/admin/TeachersManagement.tsx(897,25): error TS2339: Property 'div' does not exist on type 'JSX.IntrinsicElements'.
src/pages/admin/TeachersManagement.tsx(898,25): error TS2339: Property 'div' does not exist on type 'JSX.IntrinsicElements'.
src/pages/admin/TeachersManagement.tsx(906,25): error TS2339: Property 'div' does not exist on type 'JSX.IntrinsicElements'.
src/pages/admin/TeachersManagement.tsx(908,25): error TS2339: Property 'div' does not exist on type 'JSX.IntrinsicElements'.
src/pages/admin/TeachersManagement.tsx(916,25): error TS2339: Property 'div' does not exist on type 'JSX.IntrinsicElements'.
src/pages/admin/TeachersManagement.tsx(918,25): error TS2339: Property 'div' does not exist on type 'JSX.IntrinsicElements'.
src/pages/admin/TeachersManagement.tsx(926,25): error TS2339: Property 'div' does not exist on type 'JSX.IntrinsicElements'.
src/pages/admin/TeachersManagement.tsx(927,25): error TS2339: Property 'div' does not exist on type 'JSX.IntrinsicElements'.
src/pages/admin/TeachersManagement.tsx(929,29): error TS2339: Property 'div' does not exist on type 'JSX.IntrinsicElements'.
src/pages/admin/TeachersManagement.tsx(931,37): error TS2339: Property 'div' does not exist on type 'JSX.IntrinsicElements'.
src/pages/admin/TeachersManagement.tsx(940,37): error TS2339: Property 'div' does not exist on type 'JSX.IntrinsicElements'.
src/pages/admin/TeachersManagement.tsx(943,37): error TS2339: Property 'p' does not exist on type 'JSX.IntrinsicElements'.
src/pages/admin/TeachersManagement.tsx(945,37): error TS2339: Property 'p' does not exist on type 'JSX.IntrinsicElements'.
src/pages/admin/TeachersManagement.tsx(947,29): error TS2339: Property 'div' does not exist on type 'JSX.IntrinsicElements'.
src/pages/admin/TeachersManagement.tsx(948,25): error TS2339: Property 'div' does not exist on type 'JSX.IntrinsicElements'.
src/pages/admin/TeachersManagement.tsx(950,25): error TS2339: Property 'div' does not exist on type 'JSX.IntrinsicElements'.
src/pages/admin/TeachersManagement.tsx(951,29): error TS2339: Property 'h3' does not exist on type 'JSX.IntrinsicElements'.
src/pages/admin/TeachersManagement.tsx(951,113): error TS2339: Property 'h3' does not exist on type 'JSX.IntrinsicElements'.
src/pages/admin/TeachersManagement.tsx(952,29): error TS2339: Property 'div' does not exist on type 'JSX.IntrinsicElements'.
src/pages/admin/TeachersManagement.tsx(953,33): error TS2339: Property 'div' does not exist on type 'JSX.IntrinsicElements'.
src/pages/admin/TeachersManagement.tsx(960,33): error TS2339: Property 'div' does not exist on type 'JSX.IntrinsicElements'.
src/pages/admin/TeachersManagement.tsx(962,37): error TS2339: Property 'div' does not exist on type 'JSX.IntrinsicElements'.
src/pages/admin/TeachersManagement.tsx(971,41): error TS2339: Property 'p' does not exist on type 'JSX.IntrinsicElements'.
src/pages/admin/TeachersManagement.tsx(973,41): error TS2339: Property 'p' does not exist on type 'JSX.IntrinsicElements'.
src/pages/admin/TeachersManagement.tsx(974,37): error TS2339: Property 'div' does not exist on type 'JSX.IntrinsicElements'.
src/pages/admin/TeachersManagement.tsx(976,29): error TS2339: Property 'div' does not exist on type 'JSX.IntrinsicElements'.
src/pages/admin/TeachersManagement.tsx(977,25): error TS2339: Property 'div' does not exist on type 'JSX.IntrinsicElements'.
src/pages/admin/TeachersManagement.tsx(978,25): error TS2339: Property 'div' does not exist on type 'JSX.IntrinsicElements'.
src/pages/admin/TeachersManagement.tsx(985,25): error TS2339: Property 'div' does not exist on type 'JSX.IntrinsicElements'.
src/pages/admin/TeachersManagement.tsx(986,21): error TS2339: Property 'form' does not exist on type 'JSX.IntrinsicElements'.
src/pages/admin/TeachersManagement.tsx(996,21): error TS2339: Property 'form' does not exist on type 'JSX.IntrinsicElements'.
src/pages/admin/TeachersManagement.tsx(997,25): error TS2339: Property 'div' does not exist on type 'JSX.IntrinsicElements'.
src/pages/admin/TeachersManagement.tsx(1005,25): error TS2339: Property 'div' does not exist on type 'JSX.IntrinsicElements'.
src/pages/admin/TeachersManagement.tsx(1006,25): error TS2339: Property 'div' does not exist on type 'JSX.IntrinsicElements'.
src/pages/admin/TeachersManagement.tsx(1014,25): error TS2339: Property 'div' does not exist on type 'JSX.IntrinsicElements'.
src/pages/admin/TeachersManagement.tsx(1015,25): error TS2339: Property 'div' does not exist on type 'JSX.IntrinsicElements'.
src/pages/admin/TeachersManagement.tsx(1023,25): error TS2339: Property 'div' does not exist on type 'JSX.IntrinsicElements'.
src/pages/admin/TeachersManagement.tsx(1024,25): error TS2339: Property 'div' does not exist on type 'JSX.IntrinsicElements'.
src/pages/admin/TeachersManagement.tsx(1032,25): error TS2339: Property 'div' does not exist on type 'JSX.IntrinsicElements'.
src/pages/admin/TeachersManagement.tsx(1033,25): error TS2339: Property 'div' does not exist on type 'JSX.IntrinsicElements'.
src/pages/admin/TeachersManagement.tsx(1035,29): error TS2339: Property 'div' does not exist on type 'JSX.IntrinsicElements'.
src/pages/admin/TeachersManagement.tsx(1037,37): error TS2339: Property 'div' does not exist on type 'JSX.IntrinsicElements'.
src/pages/admin/TeachersManagement.tsx(1046,37): error TS2339: Property 'div' does not exist on type 'JSX.IntrinsicElements'.
src/pages/admin/TeachersManagement.tsx(1049,37): error TS2339: Property 'p' does not exist on type 'JSX.IntrinsicElements'.
src/pages/admin/TeachersManagement.tsx(1051,37): error TS2339: Property 'p' does not exist on type 'JSX.IntrinsicElements'.
src/pages/admin/TeachersManagement.tsx(1053,29): error TS2339: Property 'div' does not exist on type 'JSX.IntrinsicElements'.
src/pages/admin/TeachersManagement.tsx(1054,25): error TS2339: Property 'div' does not exist on type 'JSX.IntrinsicElements'.
src/pages/admin/TeachersManagement.tsx(1056,25): error TS2339: Property 'div' does not exist on type 'JSX.IntrinsicElements'.
src/pages/admin/TeachersManagement.tsx(1058,29): error TS2339: Property 'div' does not exist on type 'JSX.IntrinsicElements'.
src/pages/admin/TeachersManagement.tsx(1059,33): error TS2339: Property 'span' does not exist on type 'JSX.IntrinsicElements'.
src/pages/admin/TeachersManagement.tsx(1061,33): error TS2339: Property 'span' does not exist on type 'JSX.IntrinsicElements'.
src/pages/admin/TeachersManagement.tsx(1067,29): error TS2339: Property 'div' does not exist on type 'JSX.IntrinsicElements'.
src/pages/admin/TeachersManagement.tsx(1068,25): error TS2339: Property 'div' does not exist on type 'JSX.IntrinsicElements'.
src/pages/admin/TeachersManagement.tsx(1069,25): error TS2339: Property 'p' does not exist on type 'JSX.IntrinsicElements'.
src/pages/admin/TeachersManagement.tsx(1074,25): error TS2339: Property 'p' does not exist on type 'JSX.IntrinsicElements'.
src/pages/admin/TeachersManagement.tsx(1075,25): error TS2339: Property 'div' does not exist on type 'JSX.IntrinsicElements'.
src/pages/admin/TeachersManagement.tsx(1082,25): error TS2339: Property 'div' does not exist on type 'JSX.IntrinsicElements'.
src/pages/admin/TeachersManagement.tsx(1083,21): error TS2339: Property 'form' does not exist on type 'JSX.IntrinsicElements'.
src/pages/admin/TeachersManagement.tsx(1093,21): error TS2339: Property 'div' does not exist on type 'JSX.IntrinsicElements'.
src/pages/admin/TeachersManagement.tsx(1094,25): error TS2339: Property 'p' does not exist on type 'JSX.IntrinsicElements'.
src/pages/admin/TeachersManagement.tsx(1095,94): error TS2339: Property 'strong' does not exist on type 'JSX.IntrinsicElements'.
src/pages/admin/TeachersManagement.tsx(1095,129): error TS2339: Property 'strong' does not exist on type 'JSX.IntrinsicElements'.
src/pages/admin/TeachersManagement.tsx(1096,25): error TS2339: Property 'p' does not exist on type 'JSX.IntrinsicElements'.
src/pages/admin/TeachersManagement.tsx(1097,21): error TS2339: Property 'div' does not exist on type 'JSX.IntrinsicElements'.
src/pages/admin/TeachersManagement.tsx(1098,21): error TS2339: Property 'form' does not exist on type 'JSX.IntrinsicElements'.
src/pages/admin/TeachersManagement.tsx(1099,25): error TS2339: Property 'div' does not exist on type 'JSX.IntrinsicElements'.
src/pages/admin/TeachersManagement.tsx(1109,25): error TS2339: Property 'div' does not exist on type 'JSX.IntrinsicElements'.
src/pages/admin/TeachersManagement.tsx(1110,25): error TS2339: Property 'div' does not exist on type 'JSX.IntrinsicElements'.
src/pages/admin/TeachersManagement.tsx(1117,25): error TS2339: Property 'div' does not exist on type 'JSX.IntrinsicElements'.
src/pages/admin/TeachersManagement.tsx(1118,21): error TS2339: Property 'form' does not exist on type 'JSX.IntrinsicElements'.
src/pages/admin/TeachersManagement.tsx(1147,9): error TS2339: Property 'div' does not exist on type 'JSX.IntrinsicElements'.
